1 1
2 2
3 1
1 1
2 1
4 3
2 1
4 2
7 2
10 4
12 3
14 4
17 6
20 8
