not declared
can't assign value
not declared
invalid return
invalid break
