OK
0
nil
true
false
2
6
-4
-0.5
true
false
true
true
true
true
a
